2026-08-01 10:28:35 0 [Note] Starting MariaDB 10.4.32-MariaDB source revision c4143f909528e3fab0677a28631d10389354c491 as process 7852
2026-08-01 10:28:35 0 [ERROR] InnoDB: The innodb_system data file 'ibdata1' must be writable
2026-08-01 10:28:35 0 [ERROR] InnoDB: The innodb_system data file 'ibdata1' must be writable
2026-08-01 10:28:35 0 [ERROR] Plugin 'InnoDB' registration as a STORAGE ENGINE failed.
2026-08-01 10:28:35 0 [Note] Plugin 'FEEDBACK' is disabled.
2026-08-01 10:28:35 0 [ERROR] Unknown/unsupported storage engine: InnoDB
2026-08-01 10:28:35 0 [ERROR] Aborting
2026-08-01 10:29:15 0 [Note] Starting MariaDB 10.4.32-MariaDB source revision c4143f909528e3fab0677a28631d10389354c491 as process 22104
2026-08-01 10:29:15 0 [Note] InnoDB: Mutexes and rw_locks use Windows interlocked functions
2026-08-01 10:29:15 0 [Note] InnoDB: Uses event mutexes
2026-08-01 10:29:15 0 [Note] InnoDB: Compressed tables use zlib 1.3
2026-08-01 10:29:15 0 [Note] InnoDB: Number of pools: 1
2026-08-01 10:29:15 0 [Note] InnoDB: Using SSE2 crc32 instructions
2026-08-01 10:29:15 0 [Note] InnoDB: Initializing buffer pool, total size = 128M, instances = 1, chunk size = 128M
2026-08-01 10:29:15 0 [Note] InnoDB: Completed initialization of buffer pool
2026-08-01 10:29:15 0 [Note] InnoDB: Starting crash recovery from checkpoint LSN=4664205
2026-08-01 10:29:15 0 [Note] InnoDB: Resizing redo log from 2*5242880 to 2*50331648 bytes; LSN=4664223
2026-08-01 10:29:15 0 [Note] InnoDB: Starting to delete and rewrite log files.
2026-08-01 10:29:15 0 [Note] InnoDB: Setting log file .\ib_logfile101 size to 50331648 bytes
2026-08-01 10:29:15 0 [Note] InnoDB: Setting log file .\ib_logfile1 size to 50331648 bytes
2026-08-01 10:29:15 0 [Note] InnoDB: Renaming log file .\ib_logfile101 to .\ib_logfile0
2026-08-01 10:29:15 0 [Note] InnoDB: New log files created, LSN=4664223
2026-08-01 10:29:15 0 [Note] InnoDB: 128 out of 128 rollback segments are active.
2026-08-01 10:29:15 0 [Note] InnoDB: Removed temporary tablespace data file: "ibtmp1"
2026-08-01 10:29:15 0 [Note] InnoDB: Creating shared tablespace for temporary tables
2026-08-01 10:29:15 0 [Note] InnoDB: Setting file '.\ibtmp1' size to 12 MB. Physically writing the file full; Please wait ...
2026-08-01 10:29:15 0 [Note] InnoDB: File '.\ibtmp1' size is now 12 MB.
2026-08-01 10:29:15 0 [Note] InnoDB: Waiting for purge to start
2026-08-01 10:29:15 0 [Note] InnoDB: 10.4.32 started; log sequence number 4664223; transaction id 6129
2026-08-01 10:29:15 0 [Note] InnoDB: Loading buffer pool(s) from c:\xampp\mysql\data\ib_buffer_pool
2026-08-01 10:29:15 0 [Note] Plugin 'FEEDBACK' is disabled.
2026-08-01 10:29:15 0 [Note] InnoDB: Buffer pool(s) load completed at 260801 10:29:15
2026-08-01 10:29:15 0 [Note] Reading of all Master_info entries succeeded
2026-08-01 10:29:15 0 [Note] Added new Master_info '' to hash table
2026-08-01 10:29:15 0 [Note] mysqld: ready for connections.
Version: '10.4.32-MariaDB'  socket: ''  port: 0  mariadb.org binary distribution
2026-08-01 10:29:15 0 [ERROR] Either TCP connections or named pipe connections must be enabled.
2026-08-01 10:29:15 0 [ERROR] Aborting
2026-08-01 11:45:27 0 [Note] Starting MariaDB 10.4.32-MariaDB source revision c4143f909528e3fab0677a28631d10389354c491 as process 7896
2026-08-01 11:45:27 0 [Note] InnoDB: Mutexes and rw_locks use Windows interlocked functions
2026-08-01 11:45:27 0 [Note] InnoDB: Uses event mutexes
2026-08-01 11:45:27 0 [Note] InnoDB: Compressed tables use zlib 1.3
2026-08-01 11:45:27 0 [Note] InnoDB: Number of pools: 1
2026-08-01 11:45:27 0 [Note] InnoDB: Using SSE2 crc32 instructions
2026-08-01 11:45:27 0 [Note] InnoDB: Initializing buffer pool, total size = 128M, instances = 1, chunk size = 128M
2026-08-01 11:45:27 0 [Note] InnoDB: Completed initialization of buffer pool
2026-08-01 11:45:27 0 [Note] InnoDB: The log sequence number 4667422 in the system tablespace does not match the log sequence number 4667916 in the ib_logfiles!
2026-08-01 11:45:27 0 [Note] InnoDB: Resizing redo log from 2*5242880 to 2*50331648 bytes; LSN=4667925
2026-08-01 11:45:27 0 [Note] InnoDB: Starting to delete and rewrite log files.
2026-08-01 11:45:27 0 [Note] InnoDB: Setting log file .\ib_logfile101 size to 50331648 bytes
2026-08-01 11:45:27 0 [Note] InnoDB: Setting log file .\ib_logfile1 size to 50331648 bytes
2026-08-01 11:45:27 0 [Note] InnoDB: Renaming log file .\ib_logfile101 to .\ib_logfile0
2026-08-01 11:45:27 0 [Note] InnoDB: New log files created, LSN=4667925
2026-08-01 11:45:27 0 [Note] InnoDB: 128 out of 128 rollback segments are active.
2026-08-01 11:45:27 0 [Note] InnoDB: Removed temporary tablespace data file: "ibtmp1"
2026-08-01 11:45:27 0 [Note] InnoDB: Creating shared tablespace for temporary tables
2026-08-01 11:45:27 0 [Note] InnoDB: Setting file '.\ibtmp1' size to 12 MB. Physically writing the file full; Please wait ...
2026-08-01 11:45:27 0 [Note] InnoDB: File '.\ibtmp1' size is now 12 MB.
2026-08-01 11:45:27 0 [Note] InnoDB: Waiting for purge to start
2026-08-01 11:45:27 0 [Note] InnoDB: 10.4.32 started; log sequence number 4667925; transaction id 6129
2026-08-01 11:45:27 0 [Note] InnoDB: Loading buffer pool(s) from c:\xampp\mysql\data\ib_buffer_pool
2026-08-01 11:45:27 0 [Note] Plugin 'FEEDBACK' is disabled.
2026-08-01 11:45:27 0 [Note] InnoDB: Buffer pool(s) load completed at 260801 11:45:27
2026-08-01 11:45:27 0 [Note] Reading of all Master_info entries succeeded
2026-08-01 11:45:27 0 [Note] Added new Master_info '' to hash table
2026-08-01 11:45:27 0 [Note] mysqld.exe: ready for connections.
Version: '10.4.32-MariaDB'  socket: ''  port: 0  mariadb.org binary distribution
2026-08-01 11:45:27 0 [ERROR] Either TCP connections or named pipe connections must be enabled.
2026-08-01 11:45:27 0 [ERROR] Aborting
2026-08-01 11:45:43 0 [Note] Starting MariaDB 10.4.32-MariaDB source revision c4143f909528e3fab0677a28631d10389354c491 as process 15828
2026-08-01 11:45:43 0 [Note] InnoDB: Mutexes and rw_locks use Windows interlocked functions
2026-08-01 11:45:43 0 [Note] InnoDB: Uses event mutexes
2026-08-01 11:45:43 0 [Note] InnoDB: Compressed tables use zlib 1.3
2026-08-01 11:45:43 0 [Note] InnoDB: Number of pools: 1
2026-08-01 11:45:43 0 [Note] InnoDB: Using SSE2 crc32 instructions
2026-08-01 11:45:43 0 [Note] InnoDB: Initializing buffer pool, total size = 128M, instances = 1, chunk size = 128M
2026-08-01 11:45:43 0 [Note] InnoDB: Completed initialization of buffer pool
2026-08-01 11:45:43 0 [Note] InnoDB: 128 out of 128 rollback segments are active.
2026-08-01 11:45:43 0 [Note] InnoDB: Creating shared tablespace for temporary tables
2026-08-01 11:45:43 0 [Note] InnoDB: Setting file '.\ibtmp1' size to 12 MB. Physically writing the file full; Please wait ...
2026-08-01 11:45:43 0 [Note] InnoDB: File '.\ibtmp1' size is now 12 MB.
2026-08-01 11:45:43 0 [Note] InnoDB: Waiting for purge to start
2026-08-01 11:45:43 0 [Note] InnoDB: 10.4.32 started; log sequence number 4668437; transaction id 6129
2026-08-01 11:45:43 0 [Note] InnoDB: Loading buffer pool(s) from c:\xampp\mysql\data\ib_buffer_pool
2026-08-01 11:45:43 0 [Note] Plugin 'FEEDBACK' is disabled.
2026-08-01 11:45:43 0 [Note] InnoDB: Buffer pool(s) load completed at 260801 11:45:43
2026-08-01 11:45:43 0 [Note] Reading of all Master_info entries succeeded
2026-08-01 11:45:43 0 [Note] Added new Master_info '' to hash table
2026-08-01 11:45:43 0 [Note] mysqld.exe: ready for connections.
Version: '10.4.32-MariaDB'  socket: ''  port: 0  mariadb.org binary distribution
2026-08-01 11:45:43 0 [ERROR] Either TCP connections or named pipe connections must be enabled.
2026-08-01 11:45:43 0 [ERROR] Aborting
